// Jest Snapshot v1, https://goo.gl/fbAQLP

exports[`SeasonDetails should render the season number and episode count correctly 1`] = `
<DocumentFragment>
  <div
    class="css-1vdtga9"
  >
    S01
  </div>
  <div
    class="css-1wqfxc5"
  >
    (10 episodes)
  </div>
</DocumentFragment>
`;
